RLU8 Object Linker, Ver.1.51.2 Linkage Information
[Tue Jun 17 18:54:29 2014]


                         ------------------
                          Control Synopsis
                         ------------------

I/O controls:    D  SD NS NA
Other controls: CC STACK( 0100H(256) )
                COMB( $$content_of_init $$end_of_init )
                COMB( $$init_info $$init_info_end )



                        ------------------------
                         Object Module Synopsis
                        ------------------------
                                                                Creator
Module Name           File Name                                 CCU8     RASU8
-----------           ---------                                 -----    -----
i2c                   _output\_obj\i2c.obj                      3.41     1.61
irq                   _output\_obj\irq.obj                      3.41     1.61
main                  _output\_obj\main.obj                     3.41     1.61
ml610112              _output\_obj\ml610112.obj                 -.--     1.61
tbc                   _output\_obj\tbc.obj                      3.41     1.61
timer                 _output\_obj\timer.obj                    3.41     1.61
uart                  _output\_obj\uart.obj                     3.41     1.61
ULDIVSW               C:\PROGRA~1\U8Dev\Lib\longu8.lib          -.--     1.04
DIV32SW               C:\PROGRA~1\U8Dev\Lib\longu8.lib          -.--     1.04
UIDIVSW               C:\PROGRA~1\U8Dev\Lib\longu8.lib          -.--     1.04
CIDIMOSW              C:\PROGRA~1\U8Dev\Lib\longu8.lib          -.--     1.04


Number of Modules: 11

Number of Symbols:
 +---------------------------------------------------------------------------+
 |          | CODE | DATA | BIT  |NVDATA|NVBIT |TABLE |NUMBER| TBIT || total |
 |----------+------+------+------+------+------+------+------+------++-------|
 | SEGMENT  |    88|     4|     0|     0|     0|     7|      |      ||     99|
 |----------+------+------+------+------+------+------+------+------++-------|
 | COMMUNAL |     0|     6|     0|     0|     0|     0|      |      ||      6|
 |----------+------+------+------+------+------+------+------+------++-------|
 | PUBLIC   |    39|     4|     0|     0|     0|     0|     0|     0||     43|
 +---------------------------------------------------------------------------+

Target:  ML610112 
Model:   SMALL


Memory Map - Program memory space #0:
      Type     Start      Stop
     -----------------------------
      ROM      00:0000    00:7FFF

Memory Map - Data memory space #0:
      Type     Start      Stop
     -----------------------------
      RAM      00:E000    00:FFFF

Memory Map - Memory space above #1:
      Type     Start      Stop
     -----------------------------
      ROM      02:0000    02:0FFF
      ROM      08:0000    08:7FFF
      ROM      0A:0000    0A:0FFF

                         ------------------
                          Segment Synopsis
                         ------------------

Link Map - Program memory space #0 ( ROMWINDOW: 0000 - 7FFF )

      Type     Start      Stop       Size              Name
     -------------------------------------------------------
      S CODE   00:0000    00:0001    0002(2)           (absolute)
      S CODE   00:0002    00:0003    0002(2)           (absolute)
      S CODE   00:0004    00:0005    0002(2)           (absolute)
      S CODE   00:0006    00:0007    0002(2)           $$_intUndefHdr$irq
      S CODE   00:0008    00:0009    0002(2)           (absolute)
      S CODE   00:000A    00:000A    0000(0)           $$content_of_init
      S CODE   00:000A    00:000B    0002(2)           $$end_of_init
      S CODE   00:000C    00:0077    006C(108)         (absolute)
      S TABLE  00:0078    00:00A5    002E(46)          $$NINITTAB
      S TABLE  00:00A6    00:00AD    0008(8)           $$init_info
      S TABLE  00:00AE    00:00AF    0002(2)           $$init_info_end
      S CODE   00:00B0    00:00CB    001C(28)          $$_intT16HINT$irq
      S CODE   00:00CC    00:00E7    001C(28)          $$_intPB0INT$irq
      S CODE   00:00E8    00:0103    001C(28)          $$_intPB1INT$irq
      S CODE   00:0104    00:01FB    00F8(248)         $$uart_continue$uart
      S CODE   00:01FC    00:0217    001C(28)          $$_intPA0INT$irq
      S CODE   00:0218    00:0233    001C(28)          $$_intPA1INT$irq
      S CODE   00:0234    00:024F    001C(28)          $$_intCMP1INT$irq
      S CODE   00:0250    00:0257    0008(8)           $$main_reqNotHalt$main
      S CODE   00:0258    00:0273    001C(28)          $$_intCMP0INT$irq
      S CODE   00:0274    00:0277    0004(4)           $$_intUart$main
      S CODE   00:0278    00:0285    000E(14)          $$uart_ErrSet$uart
      S CODE   00:0286    00:02A1    001C(28)          $$_intTM8INT$irq
      S CODE   00:02A2    00:02BD    001C(28)          $$_intTM9INT$irq
      S CODE   00:02BE    00:02D9    001C(28)          $$_intTMEINT$irq
      S CODE   00:02DA    00:02F5    001C(28)          $$_intTMAINT$irq
      S CODE   00:02F6    00:0359    0064(100)         $$PortD_Low$main
      S CODE   00:035A    00:0375    001C(28)          $$_intUA0INT$irq
      S CODE   00:0376    00:0391    001C(28)          $$_intUA1INT$irq
      S CODE   00:0392    00:03A5    0014(20)          $$main_clrWDT$main
      S CODE   00:03A6    00:03D7    0032(50)          $$irq_setHdr$irq
      S CODE   00:03D8    00:03DB    0004(4)           $$irq_di$irq
      S CODE   00:03DC    00:03DF    0004(4)           $$irq_ei$irq
      S CODE   00:03E0    00:03FB    001C(28)          $$_intT2HINT$irq
      S CODE   00:03FC    00:03FD    0002(2)           $$_intNullHdr$irq
      S CODE   00:03FE    00:04C1    00C4(196)         $$PortB_Low$main
      S CODE   00:04C2    00:05E7    0126(294)         $$i2c_init$i2c
      S CODE   00:05E8    00:0603    001C(28)          $$_intPWDINT$irq
      S CODE   00:0604    00:061F    001C(28)          $$_intPWEINT$irq
      S CODE   00:0620    00:063B    001C(28)          $$_intPWFINT$irq
      S CODE   00:063C    00:0687    004C(76)          $$PortA_Low$main
      S CODE   00:0688    00:06A3    001C(28)          $$_intPWCINT$irq
      S CODE   00:06A4    00:06AD    000A(10)          $$_branchHdr$irq
      S CODE   00:06AE    00:06F5    0048(72)          $$main$main
      S CODE   00:06F6    00:074F    005A(90)          $$irq_init$irq
      S CODE   00:0750    00:0813    00C4(196)         $$PortC_Low$main
      S CODE   00:0814    00:0853    0040(64)          $$cidimou8sw
      S CODE   00:0854    00:0959    0106(262)         $$Initialization$main
      S CODE   00:095A    00:0961    0008(8)           $$_intADC$main
      S CODE   00:0962    00:096D    000C(12)          $$uidivu8sw
      S CODE   00:096E    00:0979    000C(12)          $$_intI2c$main
      S CODE   00:097A    00:0BDB    0262(610)         $$i2c_continue$i2c
      S CODE   00:0BDC    00:0BF7    001C(28)          $$_intPB2INT$irq
      S CODE   00:0BF8    00:0C13    001C(28)          $$_intPB3INT$irq
      S CODE   00:0C14    00:0C2F    001C(28)          $$_intPA2INT$irq
      S CODE   00:0C30    00:0C4B    001C(28)          $$_intT32HINT$irq
      S CODE   00:0C4C    00:0C67    001C(28)          $$_intVLSINT$irq
      S CODE   00:0C68    00:0C87    0020(32)          $$SetOSC$main
      S CODE   00:0C88    00:0CA3    001C(28)          $$_intSADINT$irq
      S CODE   00:0CA4    00:0CBF    001C(28)          $$_intT128HINT$irq
      S CODE   00:0CC0    00:0CD9    001A(26)          $$_intWDTINT$irq
      S CODE   00:0CDA    00:0CF5    001C(28)          $$_intTMFINT$irq
      S CODE   00:0CF6    00:0D11    001C(28)          $$_intTMBINT$irq
      S CODE   00:0D12    00:0D2D    001C(28)          $$_intI2CSINT$irq
      S CODE   00:0D2E    00:0D49    001C(28)          $$_intSIO0INT$irq
      S CODE   00:0D4A    00:0D65    001C(28)          $$_intI2CMINT$irq
      S CODE   00:0D66    00:0DF5    0090(144)         $$NCODml610112sw
>GAP<          00:0DF6    00:7FDF    71EA(29162)       (ROM)
      S CODE   00:7FE0    00:7FFF    0020(32)          (absolute)


Link Map - Data memory space #0

      Type     Start      Stop       Size              Name
     -------------------------------------------------------
      Q ROMWIN 00:0000    00:7FFF    8000(32768)       (ROMWIN)
>GAP<          00:E000.0  00:EE89.7  0E8A.0(3722.0)    (RAM)
      S DATA   00:EE8A    00:EF89    0100(256)         $STACK
      S DATA   00:EF8A    00:EF8A    0001(1)           $$NVARuart
>GAP<          00:EF8B.0  00:EF8B.7  0001.0(1.0)       (RAM)
      C DATA   00:EF8C    00:EF8D    0002(2)           _testI2C
      S DATA   00:EF8E    00:EFCB    003E(62)          $$NVARirq
      C DATA   00:EFCC    00:EFCC    0001(1)           __flgADCFin
      C DATA   00:EFCD    00:EFCD    0001(1)           __reqNotHalt
      S DATA   00:EFCE    00:EFFB    002E(46)          $$NINITVAR
      C DATA   00:EFFC    00:EFFD    0002(2)           _ret
      C DATA   00:EFFE    00:EFFE    0001(1)           __flgI2CFin
      C DATA   00:EFFF    00:EFFF    0001(1)           __flgUartFin
      Q SFR    00:F000    00:FFFF    1000(4096)        (SFR)


Link Map - Memory space above #1

      Type     Start      Stop       Size              Name
     -------------------------------------------------------
 ---
      S TABLE  02:0000    02:0FFF    1000(4096)        (absolute)
 ---
      S TABLE  08:0000    08:7FFF    8000(32768)       (absolute)
 ---
      S TABLE  0A:0000    0A:0FFF    1000(4096)        (absolute)


Not Linked segments:

      Module Name         Type       Size              Segment Name 
     --------------------------------------------------------------
      i2c
                          CODE       0006(6)           $$i2c_getTransSize$i2c
                          CODE       0084(132)         $$i2c_startReceive$i2c
                          CODE       002E(46)          $$i2c_stop$i2c
                          CODE       0012(18)          $$i2c_checkIRQ$i2c
                          CODE       0006(6)           $$i2c_clearIRQ$i2c
                          CODE       0076(118)         $$i2c_startSend$i2c
     --------------------------------------------------------------
      main
                          CODE       00C0(192)         $$NOPms$main
                          CODE       0012(18)          $$_funcI2CFin$main
                          CODE       0012(18)          $$_funcUartFin$main
                          TABLE      000A(10)          $$TAB_uartSetParam$main
     --------------------------------------------------------------
      timer
                          CODE       0038(56)          $$tm_init$timer
     --------------------------------------------------------------
      uart
                          CODE       002A(42)          $$uart_PortSet$uart
                          CODE       0006(6)           $$uart_clearIRQ$uart
                          CODE       0012(18)          $$uart_checkIRQ$uart
                          CODE       0056(86)          $$uart_startSend$uart
                          CODE       0146(326)         $$uart_init$uart
                          CODE       002A(42)          $$uart_PortClear$uart
                          CODE       0008(8)           $$uart_ErrClr$uart
                          CODE       0006(6)           $$uart_ErrGet$uart
                          CODE       001C(28)          $$uart_stop$uart
                          CODE       0006(6)           $$uart_getTransSize$uart
                          CODE       0042(66)          $$uart_startReceive$uart
     --------------------------------------------------------------
      ULDIVSW
                          CODE       0020(32)          $$uldivu8sw
     --------------------------------------------------------------
      DIV32SW
                          CODE       002E(46)          $$div32u8sw
     --------------------------------------------------------------


Total size (CODE  ) = 00DDE   (3550)
Total size (DATA  ) = 00175   (373)
Total size (BIT   ) = 00000.0 (0.0)
Total size (NVDATA) = 00000   (0)
Total size (NVBIT ) = 00000.0 (0.0)
Total size (TABLE ) = 0A038   (41016)

          -----------------------
           Symbol Table Synopsis
          -----------------------

Module         Value     Type         Symbol
------         -----     ----------   ------
i2c
               00:097A   Pub CODE     _i2c_continue
               00:04C2   Pub CODE     _i2c_init
               00:EFCE   Loc DATA     __gsCtrlParam

Module         Value     Type         Symbol
------         -----     ----------   ------
irq
               00:0234   Loc CODE     __intCMP1INT
               00:0C30   Loc CODE     __intT32HINT
               00:0258   Loc CODE     __intCMP0INT
               00:0286   Loc CODE     __intTM8INT
               00:02A2   Loc CODE     __intTM9INT
               00:0CA4   Loc CODE     __intT128HINT
               00:03E0   Loc CODE     __intT2HINT
               00:0D4A   Loc CODE     __intI2CMINT
               00:0CC0   Loc CODE     __intWDTINT
               00:01FC   Loc CODE     __intPA0INT
               00:02DA   Loc CODE     __intTMAINT
               00:0218   Loc CODE     __intPA1INT
               00:0D2E   Loc CODE     __intSIO0INT
               00:0D12   Loc CODE     __intI2CSINT
               00:0C88   Loc CODE     __intSADINT
               00:00CC   Loc CODE     __intPB0INT
               00:06A4   Loc CODE     __branchHdr
               00:02BE   Loc CODE     __intTMEINT
               00:00E8   Loc CODE     __intPB1INT
               00:0CF6   Loc CODE     __intTMBINT
               00:0C14   Loc CODE     __intPA2INT
               00:00B0   Loc CODE     __intT16HINT
               00:0CDA   Loc CODE     __intTMFINT
               00:0BDC   Loc CODE     __intPB2INT
               00:0BF8   Loc CODE     __intPB3INT
               00:05E8   Loc CODE     __intPWDINT
               00:0604   Loc CODE     __intPWEINT
               00:0688   Loc CODE     __intPWCINT
               00:035A   Loc CODE     __intUA0INT
               00:0006   Loc CODE     __intUndefHdr
               00:0376   Loc CODE     __intUA1INT
               00:0620   Loc CODE     __intPWFINT
               00:0C4C   Loc CODE     __intVLSINT
               00:06F6   Pub CODE     _irq_init
               00:03D8   Pub CODE     _irq_di
               00:03DC   Pub CODE     _irq_ei
               00:03A6   Pub CODE     _irq_setHdr
               00:03FC   Loc CODE     __intNullHdr
               00:EF8E   Loc DATA     __sIrqHdr

Module         Value     Type         Symbol
------         -----     ----------   ------
main
               00:0392   Pub CODE     _main_clrWDT
               00:0250   Pub CODE     _main_reqNotHalt
               00:06AE   Pub CODE     _main
               00:02F6   Pub CODE     _PortD_Low
               00:0750   Pub CODE     _PortC_Low
               00:03FE   Pub CODE     _PortB_Low
               00:063C   Pub CODE     _PortA_Low
               00:EFEE   Pub DATA     _UVReturn
               00:EFDE   Pub DATA     _HelloWorld
               00:EFEC   Pub DATA     _Test
               00:EFF0   Pub DATA     _ScaledUVReturn
               00:0854   Loc CODE     _Initialization
               00:0274   Loc CODE     __intUart
               00:096E   Loc CODE     __intI2c
               00:0C68   Loc CODE     _SetOSC
               00:095A   Loc CODE     __intADC

Module         Value     Type         Symbol
------         -----     ----------   ------
ml610112
              0000EFFF   Loc NUMBER   NEAR_RAM_END
              0000E000   Loc NUMBER   NEAR_RAM_START
               00:0D88   Loc CODE     __wdtcounter_clear
              000000FF   Loc NUMBER   _$$WINVAL
               00:7FFF   Loc TABLE    _$$ROMWINEND
               00:0D6A   Loc CODE     $begin
               00:0000   Loc TABLE    _$$ROMWINSTART
               00:0D9C   Loc CODE     __init_loop
               00:0DE8   Loc CODE     __init_end
               00:0D68   Loc CODE     $$brk_reset
               00:0DA8   Loc CODE     __skip
               00:0DC4   Loc CODE     __init_loop2
               00:0DD6   Loc CODE     __loop_by_byte
               00:0D78   Loc CODE     __near_ram_loop
               00:0D66   Pub CODE     $$start_up


Module         Value     Type         Symbol
------         -----     ----------   ------
tbc

Module         Value     Type         Symbol
------         -----     ----------   ------
timer

Module         Value     Type         Symbol
------         -----     ----------   ------
uart
               00:0278   Pub CODE     _uart_ErrSet
               00:0104   Pub CODE     _uart_continue
               00:EF8A   Loc DATA     __Err_Status
               00:EFF2   Loc DATA     __gsCtrlParam

End of mapfile.
