RLU8 Object Linker, Ver.1.51.2 Linkage Information
[Sat Jun 14 19:05:31 2014]


                         ------------------
                          Control Synopsis
                         ------------------

I/O controls:    D  SD NS NA
Other controls: CC STACK( 0100H(256) )
                COMB( $$content_of_init $$end_of_init )
                COMB( $$init_info $$init_info_end )



                        ------------------------
                         Object Module Synopsis
                        ------------------------
                                                                Creator
Module Name           File Name                                 CCU8     RASU8
-----------           ---------                                 -----    -----
i2c                   _output\_obj\i2c.obj                      3.41     1.61
irq                   _output\_obj\irq.obj                      3.41     1.61
main                  _output\_obj\main.obj                     3.41     1.61
ml610112              _output\_obj\ml610112.obj                 -.--     1.61
tbc                   _output\_obj\tbc.obj                      3.41     1.61
timer                 _output\_obj\timer.obj                    3.41     1.61
uart                  _output\_obj\uart.obj                     3.41     1.61
ULDIVSW               C:\PROGRA~1\U8Dev\Lib\longu8.lib          -.--     1.04
DIV32SW               C:\PROGRA~1\U8Dev\Lib\longu8.lib          -.--     1.04
UIDIVSW               C:\PROGRA~1\U8Dev\Lib\longu8.lib          -.--     1.04
CIDIMOSW              C:\PROGRA~1\U8Dev\Lib\longu8.lib          -.--     1.04


Number of Modules: 11

Number of Symbols:
 +---------------------------------------------------------------------------+
 |          | CODE | DATA | BIT  |NVDATA|NVBIT |TABLE |NUMBER| TBIT || total |
 |----------+------+------+------+------+------+------+------+------++-------|
 | SEGMENT  |    87|     4|     0|     0|     0|     7|      |      ||     98|
 |----------+------+------+------+------+------+------+------+------++-------|
 | COMMUNAL |     0|     5|     0|     0|     0|     0|      |      ||      5|
 |----------+------+------+------+------+------+------+------+------++-------|
 | PUBLIC   |    39|     2|     0|     0|     0|     0|     0|     0||     41|
 +---------------------------------------------------------------------------+

Target:  ML610112 
Model:   SMALL


Memory Map - Program memory space #0:
      Type     Start      Stop
     -----------------------------
      ROM      00:0000    00:7FFF

Memory Map - Data memory space #0:
      Type     Start      Stop
     -----------------------------
      RAM      00:E000    00:FFFF

Memory Map - Memory space above #1:
      Type     Start      Stop
     -----------------------------
      ROM      02:0000    02:0FFF
      ROM      08:0000    08:7FFF
      ROM      0A:0000    0A:0FFF

                         ------------------
                          Segment Synopsis
                         ------------------

Link Map - Program memory space #0 ( ROMWINDOW: 0000 - 7FFF )

      Type     Start      Stop       Size              Name
     -------------------------------------------------------
      S CODE   00:0000    00:0001    0002(2)           (absolute)
      S CODE   00:0002    00:0003    0002(2)           (absolute)
      S CODE   00:0004    00:0005    0002(2)           (absolute)
      S CODE   00:0006    00:0007    0002(2)           $$_intUndefHdr$irq
      S CODE   00:0008    00:0009    0002(2)           (absolute)
      S CODE   00:000A    00:000A    0000(0)           $$content_of_init
      S CODE   00:000A    00:000B    0002(2)           $$end_of_init
      S CODE   00:000C    00:0077    006C(108)         (absolute)
      S TABLE  00:0078    00:00A1    002A(42)          $$NINITTAB
      S TABLE  00:00A2    00:00A9    0008(8)           $$init_info
      S TABLE  00:00AA    00:00AB    0002(2)           $$init_info_end
      S CODE   00:00AC    00:00C7    001C(28)          $$_intT16HINT$irq
      S CODE   00:00C8    00:00E3    001C(28)          $$_intPB0INT$irq
      S CODE   00:00E4    00:00FF    001C(28)          $$_intPB1INT$irq
      S CODE   00:0100    00:01F7    00F8(248)         $$uart_continue$uart
      S CODE   00:01F8    00:0213    001C(28)          $$_intPA0INT$irq
      S CODE   00:0214    00:022F    001C(28)          $$_intPA1INT$irq
      S CODE   00:0230    00:024B    001C(28)          $$_intCMP1INT$irq
      S CODE   00:024C    00:0253    0008(8)           $$main_reqNotHalt$main
      S CODE   00:0254    00:026F    001C(28)          $$_intCMP0INT$irq
      S CODE   00:0270    00:0273    0004(4)           $$_intUart$main
      S CODE   00:0274    00:0281    000E(14)          $$uart_ErrSet$uart
      S CODE   00:0282    00:029D    001C(28)          $$_intTM8INT$irq
      S CODE   00:029E    00:02B9    001C(28)          $$_intTM9INT$irq
      S CODE   00:02BA    00:02D5    001C(28)          $$_intTMEINT$irq
      S CODE   00:02D6    00:02F1    001C(28)          $$_intTMAINT$irq
      S CODE   00:02F2    00:0355    0064(100)         $$PortD_Low$main
      S CODE   00:0356    00:0371    001C(28)          $$_intUA0INT$irq
      S CODE   00:0372    00:038D    001C(28)          $$_intUA1INT$irq
      S CODE   00:038E    00:03A1    0014(20)          $$main_clrWDT$main
      S CODE   00:03A2    00:03D3    0032(50)          $$irq_setHdr$irq
      S CODE   00:03D4    00:03D7    0004(4)           $$irq_di$irq
      S CODE   00:03D8    00:03DB    0004(4)           $$irq_ei$irq
      S CODE   00:03DC    00:03F7    001C(28)          $$_intT2HINT$irq
      S CODE   00:03F8    00:03F9    0002(2)           $$_intNullHdr$irq
      S CODE   00:03FA    00:04BD    00C4(196)         $$PortB_Low$main
      S CODE   00:04BE    00:05E3    0126(294)         $$i2c_init$i2c
      S CODE   00:05E4    00:05FF    001C(28)          $$_intPWDINT$irq
      S CODE   00:0600    00:061B    001C(28)          $$_intPWEINT$irq
      S CODE   00:061C    00:0637    001C(28)          $$_intPWFINT$irq
      S CODE   00:0638    00:0683    004C(76)          $$PortA_Low$main
      S CODE   00:0684    00:069F    001C(28)          $$_intPWCINT$irq
      S CODE   00:06A0    00:06A9    000A(10)          $$_branchHdr$irq
      S CODE   00:06AA    00:06BD    0014(20)          $$main$main
      S CODE   00:06BE    00:0717    005A(90)          $$irq_init$irq
      S CODE   00:0718    00:07DB    00C4(196)         $$PortC_Low$main
      S CODE   00:07DC    00:081B    0040(64)          $$cidimou8sw
      S CODE   00:081C    00:08EF    00D4(212)         $$Initialization$main
      S CODE   00:08F0    00:08FB    000C(12)          $$uidivu8sw
      S CODE   00:08FC    00:0907    000C(12)          $$_intI2c$main
      S CODE   00:0908    00:0B69    0262(610)         $$i2c_continue$i2c
      S CODE   00:0B6A    00:0B85    001C(28)          $$_intPB2INT$irq
      S CODE   00:0B86    00:0BA1    001C(28)          $$_intPB3INT$irq
      S CODE   00:0BA2    00:0BBD    001C(28)          $$_intPA2INT$irq
      S CODE   00:0BBE    00:0BD9    001C(28)          $$_intT32HINT$irq
      S CODE   00:0BDA    00:0BF5    001C(28)          $$_intVLSINT$irq
      S CODE   00:0BF6    00:0C15    0020(32)          $$SetOSC$main
      S CODE   00:0C16    00:0C31    001C(28)          $$_intSADINT$irq
      S CODE   00:0C32    00:0C4D    001C(28)          $$_intT128HINT$irq
      S CODE   00:0C4E    00:0C67    001A(26)          $$_intWDTINT$irq
      S CODE   00:0C68    00:0C83    001C(28)          $$_intTMFINT$irq
      S CODE   00:0C84    00:0C9F    001C(28)          $$_intTMBINT$irq
      S CODE   00:0CA0    00:0CBB    001C(28)          $$_intI2CSINT$irq
      S CODE   00:0CBC    00:0CD7    001C(28)          $$_intSIO0INT$irq
      S CODE   00:0CD8    00:0CF3    001C(28)          $$_intI2CMINT$irq
      S CODE   00:0CF4    00:0D83    0090(144)         $$NCODml610112sw
>GAP<          00:0D84    00:7FDF    725C(29276)       (ROM)
      S CODE   00:7FE0    00:7FFF    0020(32)          (absolute)


Link Map - Data memory space #0

      Type     Start      Stop       Size              Name
     -------------------------------------------------------
      Q ROMWIN 00:0000    00:7FFF    8000(32768)       (ROMWIN)
>GAP<          00:E000.0  00:EE8F.7  0E90.0(3728.0)    (RAM)
      S DATA   00:EE90    00:EF8F    0100(256)         $STACK
      C DATA   00:EF90    00:EF91    0002(2)           _testI2C
      S DATA   00:EF92    00:EFCF    003E(62)          $$NVARirq
      S DATA   00:EFD0    00:EFD0    0001(1)           $$NVARuart
      C DATA   00:EFD1    00:EFD1    0001(1)           __reqNotHalt
      S DATA   00:EFD2    00:EFFB    002A(42)          $$NINITVAR
      C DATA   00:EFFC    00:EFFD    0002(2)           _ret
      C DATA   00:EFFE    00:EFFE    0001(1)           __flgI2CFin
      C DATA   00:EFFF    00:EFFF    0001(1)           __flgUartFin
      Q SFR    00:F000    00:FFFF    1000(4096)        (SFR)


Link Map - Memory space above #1

      Type     Start      Stop       Size              Name
     -------------------------------------------------------
 ---
      S TABLE  02:0000    02:0FFF    1000(4096)        (absolute)
 ---
      S TABLE  08:0000    08:7FFF    8000(32768)       (absolute)
 ---
      S TABLE  0A:0000    0A:0FFF    1000(4096)        (absolute)


Not Linked segments:

      Module Name         Type       Size              Segment Name 
     --------------------------------------------------------------
      i2c
                          CODE       0006(6)           $$i2c_getTransSize$i2c
                          CODE       0084(132)         $$i2c_startReceive$i2c
                          CODE       002E(46)          $$i2c_stop$i2c
                          CODE       0012(18)          $$i2c_checkIRQ$i2c
                          CODE       0006(6)           $$i2c_clearIRQ$i2c
                          CODE       0076(118)         $$i2c_startSend$i2c
     --------------------------------------------------------------
      main
                          CODE       0012(18)          $$_funcI2CFin$main
                          CODE       0030(48)          $$PinB0_PWM$main
                          CODE       0012(18)          $$_funcUartFin$main
                          TABLE      000A(10)          $$TAB_uartSetParam$main
     --------------------------------------------------------------
      timer
                          CODE       0038(56)          $$tm_init$timer
     --------------------------------------------------------------
      uart
                          CODE       002A(42)          $$uart_PortSet$uart
                          CODE       0006(6)           $$uart_clearIRQ$uart
                          CODE       0012(18)          $$uart_checkIRQ$uart
                          CODE       0056(86)          $$uart_startSend$uart
                          CODE       0146(326)         $$uart_init$uart
                          CODE       002A(42)          $$uart_PortClear$uart
                          CODE       0008(8)           $$uart_ErrClr$uart
                          CODE       0006(6)           $$uart_ErrGet$uart
                          CODE       001C(28)          $$uart_stop$uart
                          CODE       0006(6)           $$uart_getTransSize$uart
                          CODE       0042(66)          $$uart_startReceive$uart
     --------------------------------------------------------------
      ULDIVSW
                          CODE       0020(32)          $$uldivu8sw
     --------------------------------------------------------------
      DIV32SW
                          CODE       002E(46)          $$div32u8sw
     --------------------------------------------------------------


Total size (CODE  ) = 00D70   (3440)
Total size (DATA  ) = 00170   (368)
Total size (BIT   ) = 00000.0 (0.0)
Total size (NVDATA) = 00000   (0)
Total size (NVBIT ) = 00000.0 (0.0)
Total size (TABLE ) = 0A034   (41012)

          -----------------------
           Symbol Table Synopsis
          -----------------------

Module         Value     Type         Symbol
------         -----     ----------   ------
i2c
               00:0908   Pub CODE     _i2c_continue
               00:04BE   Pub CODE     _i2c_init
               00:EFD2   Loc DATA     __gsCtrlParam

Module         Value     Type         Symbol
------         -----     ----------   ------
irq
               00:0230   Loc CODE     __intCMP1INT
               00:0BBE   Loc CODE     __intT32HINT
               00:0254   Loc CODE     __intCMP0INT
               00:0282   Loc CODE     __intTM8INT
               00:029E   Loc CODE     __intTM9INT
               00:0C32   Loc CODE     __intT128HINT
               00:03DC   Loc CODE     __intT2HINT
               00:0CD8   Loc CODE     __intI2CMINT
               00:0C4E   Loc CODE     __intWDTINT
               00:01F8   Loc CODE     __intPA0INT
               00:02D6   Loc CODE     __intTMAINT
               00:0214   Loc CODE     __intPA1INT
               00:0CBC   Loc CODE     __intSIO0INT
               00:0CA0   Loc CODE     __intI2CSINT
               00:0C16   Loc CODE     __intSADINT
               00:00C8   Loc CODE     __intPB0INT
               00:06A0   Loc CODE     __branchHdr
               00:02BA   Loc CODE     __intTMEINT
               00:00E4   Loc CODE     __intPB1INT
               00:0C84   Loc CODE     __intTMBINT
               00:0BA2   Loc CODE     __intPA2INT
               00:00AC   Loc CODE     __intT16HINT
               00:0C68   Loc CODE     __intTMFINT
               00:0B6A   Loc CODE     __intPB2INT
               00:0B86   Loc CODE     __intPB3INT
               00:05E4   Loc CODE     __intPWDINT
               00:0600   Loc CODE     __intPWEINT
               00:0684   Loc CODE     __intPWCINT
               00:0356   Loc CODE     __intUA0INT
               00:0006   Loc CODE     __intUndefHdr
               00:0372   Loc CODE     __intUA1INT
               00:061C   Loc CODE     __intPWFINT
               00:0BDA   Loc CODE     __intVLSINT
               00:06BE   Pub CODE     _irq_init
               00:03D4   Pub CODE     _irq_di
               00:03D8   Pub CODE     _irq_ei
               00:03A2   Pub CODE     _irq_setHdr
               00:03F8   Loc CODE     __intNullHdr
               00:EF92   Loc DATA     __sIrqHdr

Module         Value     Type         Symbol
------         -----     ----------   ------
main
               00:038E   Pub CODE     _main_clrWDT
               00:024C   Pub CODE     _main_reqNotHalt
               00:06AA   Pub CODE     _main
               00:02F2   Pub CODE     _PortD_Low
               00:0718   Pub CODE     _PortC_Low
               00:03FA   Pub CODE     _PortB_Low
               00:0638   Pub CODE     _PortA_Low
               00:EFE2   Pub DATA     _HelloWorld
               00:EFF0   Pub DATA     _Test
               00:081C   Loc CODE     _Initialization
               00:0270   Loc CODE     __intUart
               00:08FC   Loc CODE     __intI2c
               00:0BF6   Loc CODE     _SetOSC

Module         Value     Type         Symbol
------         -----     ----------   ------
ml610112
              0000EFFF   Loc NUMBER   NEAR_RAM_END
              0000E000   Loc NUMBER   NEAR_RAM_START
               00:0D16   Loc CODE     __wdtcounter_clear
              000000FF   Loc NUMBER   _$$WINVAL
               00:7FFF   Loc TABLE    _$$ROMWINEND
               00:0CF8   Loc CODE     $begin
               00:0000   Loc TABLE    _$$ROMWINSTART
               00:0D2A   Loc CODE     __init_loop
               00:0D76   Loc CODE     __init_end
               00:0CF6   Loc CODE     $$brk_reset
               00:0D36   Loc CODE     __skip
               00:0D52   Loc CODE     __init_loop2
               00:0D64   Loc CODE     __loop_by_byte
               00:0D06   Loc CODE     __near_ram_loop
               00:0CF4   Pub CODE     $$start_up


Module         Value     Type         Symbol
------         -----     ----------   ------
tbc

Module         Value     Type         Symbol
------         -----     ----------   ------
timer

Module         Value     Type         Symbol
------         -----     ----------   ------
uart
               00:0274   Pub CODE     _uart_ErrSet
               00:0100   Pub CODE     _uart_continue
               00:EFD0   Loc DATA     __Err_Status
               00:EFF2   Loc DATA     __gsCtrlParam

End of mapfile.
